I'm sorry, but errors were detected in your script. Please correct the
errors listed below, and try again.


File "game/script.rpy", line 33: Captions and say menuitems may not exist in the same menu.
    "Do you want to steal drugs?"
                                 ^

Ren'Py Version: Ren'Py 6.99.14.1.3218
Wed Feb 07 14:37:21 2018
